SimpleBankOptimizedTest:testFuzz_Deposit(uint256) (runs: 256, μ: 42231, ~: 42231)
SimpleBankOptimizedTest:testFuzz_TransferBetweenUsers(address,address,uint256,uint256) (runs: 256, μ: 73038, ~: 73187)
SimpleBankOptimizedTest:testFuzz_Withdraw(uint256,uint256) (runs: 256, μ: 52878, ~: 52878)
SimpleBankOptimizedTest:test_Deposit() (gas: 77419)
SimpleBankOptimizedTest:test_DepositEmitsEvent() (gas: 41624)
SimpleBankOptimizedTest:test_GetBalance() (gas: 41777)
SimpleBankOptimizedTest:test_RevertWhen_DepositZero() (gas: 8496)
SimpleBankOptimizedTest:test_RevertWhen_TransferInsufficientBalance() (gas: 42871)
SimpleBankOptimizedTest:test_RevertWhen_TransferZero() (gas: 41691)
SimpleBankOptimizedTest:test_RevertWhen_WithdrawInsufficientBalance() (gas: 42463)
SimpleBankOptimizedTest:test_RevertWhen_WithdrawZero() (gas: 41326)
SimpleBankOptimizedTest:test_Transfer() (gas: 70358)
SimpleBankOptimizedTest:test_TransferEmitsEvent() (gas: 69762)
SimpleBankOptimizedTest:test_Withdraw() (gas: 51708)
SimpleBankTest:testFuzz_Deposit(uint256) (runs: 256, μ: 42231, ~: 42231)
SimpleBankTest:testFuzz_TransferBetweenUsers(address,address,uint256,uint256) (runs: 256, μ: 73328, ~: 73478)
SimpleBankTest:testFuzz_Withdraw(uint256,uint256) (runs: 256, μ: 53169, ~: 53169)
SimpleBankTest:test_Deposit() (gas: 77419)
SimpleBankTest:test_DepositEmitsEvent() (gas: 41624)
SimpleBankTest:test_GetBalance() (gas: 41777)
SimpleBankTest:test_RevertWhen_DepositZero() (gas: 8496)
SimpleBankTest:test_RevertWhen_TransferInsufficientBalance() (gas: 42871)
SimpleBankTest:test_RevertWhen_TransferZero() (gas: 41495)
SimpleBankTest:test_RevertWhen_WithdrawInsufficientBalance() (gas: 42463)
SimpleBankTest:test_RevertWhen_WithdrawZero() (gas: 41130)
SimpleBankTest:test_Transfer() (gas: 70649)
SimpleBankTest:test_TransferEmitsEvent() (gas: 70053)
SimpleBankTest:test_Withdraw() (gas: 51999)